------------------------------------------------------------
TimeQuest Timing Analyzer Summary
------------------------------------------------------------

Type  : Setup 'input_clock_125'
Slack : -2.911
TNS   : -2170.643

Type  : Setup 'OSCILL_50'
Slack : 18.247
TNS   : 0.000

Type  : Setup 'PLL_INST|altpll_component|auto_generated|pll1|clk[0]'
Slack : 20.514
TNS   : 0.000

Type  : Setup 'altera_reserved_tck'
Slack : 46.394
TNS   : 0.000

Type  : Hold 'input_clock_125'
Slack : 0.186
TNS   : 0.000

Type  : Hold 'OSCILL_50'
Slack : 0.234
TNS   : 0.000

Type  : Hold 'altera_reserved_tck'
Slack : 0.277
TNS   : 0.000

Type  : Hold 'PLL_INST|altpll_component|auto_generated|pll1|clk[0]'
Slack : 0.325
TNS   : 0.000

Type  : Recovery 'input_clock_125'
Slack : -1.465
TNS   : -5.201

Type  : Recovery 'OSCILL_50'
Slack : -1.226
TNS   : -10.303

Type  : Recovery 'PLL_INST|altpll_component|auto_generated|pll1|clk[0]'
Slack : 23.152
TNS   : 0.000

Type  : Recovery 'altera_reserved_tck'
Slack : 93.758
TNS   : 0.000

Type  : Removal 'input_clock_125'
Slack : 0.329
TNS   : 0.000

Type  : Removal 'altera_reserved_tck'
Slack : 0.560
TNS   : 0.000

Type  : Removal 'OSCILL_50'
Slack : 0.714
TNS   : 0.000

Type  : Removal 'PLL_INST|altpll_component|auto_generated|pll1|clk[0]'
Slack : 1.200
TNS   : 0.000

Type  : Minimum Pulse Width 'input_clock_125'
Slack : 3.111
TNS   : 0.000

Type  : Minimum Pulse Width 'OSCILL_50'
Slack : 9.419
TNS   : 0.000

Type  : Minimum Pulse Width 'PLL_INST|altpll_component|auto_generated|pll1|clk[0]'
Slack : 11.951
TNS   : 0.000

Type  : Minimum Pulse Width 'altera_reserved_tck'
Slack : 49.269
TNS   : 0.000

------------------------------------------------------------
